[2025-11-24T13:49:44.146Z] [AUTH_LOGIN_FAIL] {"username":"alice"}
[2025-11-24T13:52:28.436Z] [AUTH_REGISTER_SUCCESS] {"username":"alice"}
[2025-11-24T13:52:40.611Z] [AUTH_LOGIN_SUCCESS] {"username":"alice"}
[2025-11-24T13:53:36.609Z] [AUTH_REGISTER_SUCCESS] {"username":"bob"}
[2025-11-24T13:53:48.839Z] [AUTH_LOGIN_SUCCESS] {"username":"bob"}
[2025-11-24T14:00:51.472Z] [SOCKET_REGISTER] {"username":"alice","socketId":"GjYtxbol9ek0vnzPAAAD"}
[2025-11-24T14:00:51.480Z] [SOCKET_REGISTER] {"username":"alice","socketId":"GjYtxbol9ek0vnzPAAAD"}
[2025-11-24T14:04:13.020Z] [AUTH_REGISTER_FAIL] {"username":"alice","reason":"User already exists"}
[2025-11-24T14:04:25.896Z] [AUTH_LOGIN_SUCCESS] {"username":"alice"}
[2025-11-24T14:04:25.925Z] [SOCKET_REGISTER] {"username":"alice","socketId":"VHjEMPrs0UyoNqFCAAAF"}
[2025-11-24T14:04:25.929Z] [SOCKET_REGISTER] {"username":"alice","socketId":"VHjEMPrs0UyoNqFCAAAF"}
[2025-11-24T14:04:40.050Z] [AUTH_LOGIN_SUCCESS] {"username":"bob"}
[2025-11-24T14:04:40.062Z] [SOCKET_REGISTER] {"username":"bob","socketId":"djZ1X9sxsmD-m8qkAAAH"}
[2025-11-24T14:04:40.068Z] [SOCKET_REGISTER] {"username":"bob","socketId":"djZ1X9sxsmD-m8qkAAAH"}
[2025-11-24T14:11:08.496Z] [SOCKET_REGISTER] {"username":"bob","socketId":"moIR6VBVpUsgZiO_AAAB"}
[2025-11-24T14:11:08.610Z] [SOCKET_REGISTER] {"username":"bob","socketId":"moIR6VBVpUsgZiO_AAAB"}
[2025-11-24T14:11:38.511Z] [SOCKET_REGISTER] {"username":"alice","socketId":"icy1QcllhIbxm6biAAAD"}
[2025-11-24T14:11:38.521Z] [SOCKET_REGISTER] {"username":"alice","socketId":"icy1QcllhIbxm6biAAAD"}
[2025-11-24T14:12:42.573Z] [SOCKET_REGISTER] {"username":"bob","socketId":"MwgosSmneztNYhknAAAD"}
[2025-11-24T14:12:42.723Z] [SOCKET_REGISTER] {"username":"bob","socketId":"MwgosSmneztNYhknAAAD"}
[2025-11-24T14:12:42.966Z] [SOCKET_REGISTER] {"username":"alice","socketId":"b5dwIZ4iGrhrjE5SAAAF"}
[2025-11-24T14:12:42.975Z] [SOCKET_REGISTER] {"username":"alice","socketId":"b5dwIZ4iGrhrjE5SAAAF"}
[2025-11-24T14:13:02.809Z] [SOCKET_REGISTER] {"username":"alice","socketId":"b5dwIZ4iGrhrjE5SAAAF"}
[2025-11-24T14:13:06.159Z] [SOCKET_REGISTER] {"username":"alice","socketId":"PR_uJaXmyK4qzgBgAAAH"}
[2025-11-24T14:13:06.163Z] [SOCKET_REGISTER] {"username":"alice","socketId":"PR_uJaXmyK4qzgBgAAAH"}
[2025-11-24T14:14:34.956Z] [SOCKET_REGISTER] {"username":"alice","socketId":"vGvCiKlTYUjMNYwHAAAJ"}
[2025-11-24T14:14:34.964Z] [SOCKET_REGISTER] {"username":"alice","socketId":"vGvCiKlTYUjMNYwHAAAJ"}
[2025-11-24T14:14:37.436Z] [SOCKET_REGISTER] {"username":"bob","socketId":"WtZgoj8BmVD6NzsvAAAL"}
[2025-11-24T14:14:37.542Z] [SOCKET_REGISTER] {"username":"bob","socketId":"WtZgoj8BmVD6NzsvAAAL"}
[2025-11-24T14:14:40.560Z] [SOCKET_REGISTER] {"username":"bob","socketId":"xltV7ElI6T55RfXOAAAN"}
[2025-11-24T14:14:40.703Z] [SOCKET_REGISTER] {"username":"bob","socketId":"xltV7ElI6T55RfXOAAAN"}
[2025-11-24T14:24:33.568Z] [SOCKET_REGISTER] {"username":"alice","socketId":"omvOFVspRtgpKpgBAAAL"}
[2025-11-24T14:24:33.674Z] [SOCKET_REGISTER] {"username":"alice","socketId":"omvOFVspRtgpKpgBAAAL"}
[2025-11-24T14:24:54.341Z] [AUTH_REGISTER_FAIL] {"username":"bob","reason":"User already exists"}
[2025-11-24T14:26:41.930Z] [AUTH_REGISTER_FAIL] {"username":"bob","reason":"User already exists"}
[2025-11-24T14:27:03.245Z] [AUTH_REGISTER_SUCCESS] {"username":"bob2"}
[2025-11-24T14:27:14.175Z] [AUTH_LOGIN_SUCCESS] {"username":"bob2"}
[2025-11-24T14:27:14.184Z] [SOCKET_REGISTER] {"username":"bob2","socketId":"nHSfqOrU7-LRq3IbAAAN"}
[2025-11-24T14:27:14.185Z] [SOCKET_REGISTER] {"username":"bob2","socketId":"nHSfqOrU7-LRq3IbAAAN"}
[2025-11-24T14:27:24.848Z] [SOCKET_REGISTER] {"username":"alice","socketId":"omvOFVspRtgpKpgBAAAL"}
[2025-11-24T14:27:33.333Z] [SOCKET_REGISTER] {"username":"bob2","socketId":"nHSfqOrU7-LRq3IbAAAN"}
[2025-11-24T14:39:45.957Z] [SOCKET_REGISTER] {"username":"alice","socketId":"upmWfubzkXZ2fuJEAAAB"}
[2025-11-24T14:39:46.066Z] [SOCKET_REGISTER] {"username":"alice","socketId":"upmWfubzkXZ2fuJEAAAB"}
[2025-11-24T14:39:54.448Z] [SOCKET_REGISTER] {"username":"bob2","socketId":"zjoKxkCZU8WsNopJAAAD"}
[2025-11-24T14:39:54.451Z] [SOCKET_REGISTER] {"username":"bob2","socketId":"zjoKxkCZU8WsNopJAAAD"}
[2025-11-24T14:46:07.567Z] [SOCKET_REGISTER] {"username":"alice","socketId":"IGHwmoTzo5HqYJzcAAAJ"}
[2025-11-24T14:46:07.571Z] [SOCKET_REGISTER] {"username":"alice","socketId":"IGHwmoTzo5HqYJzcAAAJ"}
[2025-11-24T14:46:11.901Z] [SOCKET_REGISTER] {"username":"bob2","socketId":"yF5Ytitu3lK0oMFMAAAL"}
[2025-11-24T14:46:12.011Z] [SOCKET_REGISTER] {"username":"bob2","socketId":"yF5Ytitu3lK0oMFMAAAL"}
[2025-11-24T14:46:14.361Z] [SOCKET_REGISTER] {"username":"bob2","socketId":"JlwEPpscfitaSfn0AAAN"}
[2025-11-24T14:46:14.476Z] [SOCKET_REGISTER] {"username":"bob2","socketId":"JlwEPpscfitaSfn0AAAN"}
[2025-11-24T14:46:17.340Z] [SOCKET_REGISTER] {"username":"alice","socketId":"2uTVW-8_vWDPiBceAAAP"}
[2025-11-24T14:46:17.341Z] [SOCKET_REGISTER] {"username":"alice","socketId":"2uTVW-8_vWDPiBceAAAP"}
[2025-11-24T14:46:30.348Z] [SOCKET_REGISTER] {"username":"alice","socketId":"2uTVW-8_vWDPiBceAAAP"}
[2025-11-24T14:46:39.745Z] [SOCKET_REGISTER] {"username":"bob2","socketId":"JlwEPpscfitaSfn0AAAN"}
[2025-11-24T14:52:31.921Z] [SOCKET_REGISTER] {"username":"alice","socketId":"ZLZXDFRBp1vRnuGJAAAJ"}
[2025-11-24T14:52:32.022Z] [SOCKET_REGISTER] {"username":"alice","socketId":"ZLZXDFRBp1vRnuGJAAAJ"}
[2025-11-24T14:52:35.851Z] [SOCKET_REGISTER] {"username":"bob2","socketId":"C1EF6QGTdWntyChMAAAL"}
[2025-11-24T14:52:35.853Z] [SOCKET_REGISTER] {"username":"bob2","socketId":"C1EF6QGTdWntyChMAAAL"}
[2025-11-24T14:54:29.913Z] [AUTH_LOGIN_SUCCESS] {"username":"alice"}
[2025-11-24T14:54:29.946Z] [SOCKET_REGISTER] {"username":"alice","socketId":"EJsLZ07r0cgXV9_PAAAN"}
[2025-11-24T14:54:29.947Z] [SOCKET_REGISTER] {"username":"alice","socketId":"EJsLZ07r0cgXV9_PAAAN"}
[2025-11-24T14:54:41.778Z] [AUTH_LOGIN_SUCCESS] {"username":"bob2"}
[2025-11-24T14:54:41.791Z] [SOCKET_REGISTER] {"username":"bob2","socketId":"sr4tIV3x5WDFstHpAAAP"}
[2025-11-24T14:54:41.791Z] [SOCKET_REGISTER] {"username":"bob2","socketId":"sr4tIV3x5WDFstHpAAAP"}
[2025-11-24T14:54:50.798Z] [SOCKET_REGISTER] {"username":"bob2","socketId":"8XTEGhaoAMo9xgNUAAAR"}
[2025-11-24T14:54:50.798Z] [SOCKET_REGISTER] {"username":"bob2","socketId":"8XTEGhaoAMo9xgNUAAAR"}
[2025-11-24T15:05:48.216Z] [AUTH_LOGIN_SUCCESS] {"username":"alice"}
[2025-11-24T15:05:48.241Z] [SOCKET_REGISTER] {"username":"alice","socketId":"cAjHi0sbjo2M8KYAAAAV"}
[2025-11-24T15:05:48.241Z] [SOCKET_REGISTER] {"username":"alice","socketId":"cAjHi0sbjo2M8KYAAAAV"}
[2025-11-24T15:05:59.057Z] [AUTH_LOGIN_SUCCESS] {"username":"bob2"}
[2025-11-24T15:07:32.421Z] [SOCKET_REGISTER] {"username":"bob2","socketId":"2n-86HImBCbip69eAAAZ"}
[2025-11-24T15:07:32.535Z] [SOCKET_REGISTER] {"username":"bob2","socketId":"2n-86HImBCbip69eAAAZ"}
[2025-11-24T15:08:51.186Z] [AUTH_REGISTER_FAIL] {"username":"bob2","reason":"User already exists"}
[2025-11-24T15:09:01.879Z] [AUTH_LOGIN_SUCCESS] {"username":"bob2"}
[2025-11-24T15:09:01.889Z] [SOCKET_REGISTER] {"username":"bob2","socketId":"Wgqf9-3BCaWGRPUNAAAb"}
[2025-11-24T15:09:01.890Z] [SOCKET_REGISTER] {"username":"bob2","socketId":"Wgqf9-3BCaWGRPUNAAAb"}
[2025-11-24T15:09:18.222Z] [SOCKET_REGISTER] {"username":"bob2","socketId":"Wgqf9-3BCaWGRPUNAAAb"}
[2025-11-24T15:11:11.469Z] [SOCKET_REGISTER] {"username":"alice","socketId":"hjO9-j67FM-f7i3CAAAd"}
[2025-11-24T15:11:11.469Z] [SOCKET_REGISTER] {"username":"alice","socketId":"hjO9-j67FM-f7i3CAAAd"}
[2025-11-24T15:11:28.881Z] [AUTH_LOGIN_FAIL] {"username":"alice"}
[2025-11-24T15:11:41.300Z] [AUTH_REGISTER_SUCCESS] {"username":"alice"}
[2025-11-24T15:11:44.713Z] [AUTH_LOGIN_SUCCESS] {"username":"alice"}
[2025-11-24T15:11:44.729Z] [SOCKET_REGISTER] {"username":"alice","socketId":"UE00J6xO334C59USAAAf"}
[2025-11-24T15:11:44.729Z] [SOCKET_REGISTER] {"username":"alice","socketId":"UE00J6xO334C59USAAAf"}
[2025-11-24T15:12:05.788Z] [AUTH_REGISTER_SUCCESS] {"username":"bob2"}
[2025-11-24T15:12:15.506Z] [AUTH_LOGIN_SUCCESS] {"username":"bob2"}
[2025-11-24T15:12:15.517Z] [SOCKET_REGISTER] {"username":"bob2","socketId":"JwLofZjZv0Udm2H7AAAh"}
[2025-11-24T15:12:15.518Z] [SOCKET_REGISTER] {"username":"bob2","socketId":"JwLofZjZv0Udm2H7AAAh"}
[2025-11-24T15:12:20.010Z] [SOCKET_REGISTER] {"username":"alice","socketId":"UE00J6xO334C59USAAAf"}
[2025-11-24T15:12:21.733Z] [SOCKET_REGISTER] {"username":"bob2","socketId":"JwLofZjZv0Udm2H7AAAh"}
[2025-11-24T15:58:32.774Z] [SOCKET_REGISTER] {"username":"alice","socketId":"nHtMg1YqWtbFilwJAAAF"}
[2025-11-24T15:58:32.778Z] [SOCKET_REGISTER] {"username":"alice","socketId":"nHtMg1YqWtbFilwJAAAF"}
[2025-11-24T16:15:25.875Z] [SOCKET_REGISTER] {"username":"bob2","socketId":"aka30b1U16RZVUJ8AAAH"}
[2025-11-24T16:15:25.878Z] [SOCKET_REGISTER] {"username":"bob2","socketId":"aka30b1U16RZVUJ8AAAH"}
[2025-11-24T17:03:15.423Z] [SOCKET_REGISTER] {"username":"alice","socketId":"HJOt3xpG52ud6z_eAAAO"}
[2025-11-24T17:03:15.426Z] [SOCKET_REGISTER] {"username":"bob2","socketId":"q9yA33C5v05tslAKAAAP"}
[2025-11-24T17:05:08.945Z] [SOCKET_REGISTER] {"username":"bob2","socketId":"1cHCs17JoaBcT73aAAAV"}
[2025-11-24T17:05:09.048Z] [SOCKET_REGISTER] {"username":"bob2","socketId":"1cHCs17JoaBcT73aAAAV"}
[2025-11-24T17:05:13.995Z] [SOCKET_REGISTER] {"username":"alice","socketId":"81Tgs3pu5c6FcaFpAAAX"}
[2025-11-24T17:05:14.105Z] [SOCKET_REGISTER] {"username":"alice","socketId":"81Tgs3pu5c6FcaFpAAAX"}
[2025-11-24T17:05:39.299Z] [SOCKET_REGISTER] {"username":"bob2","socketId":"1cHCs17JoaBcT73aAAAV"}
[2025-11-24T17:05:45.175Z] [SOCKET_REGISTER] {"username":"alice","socketId":"81Tgs3pu5c6FcaFpAAAX"}
[2025-11-24T20:55:49.652Z] [SOCKET_REGISTER] {"username":"alice","socketId":"zNL5WW0jZMLgPRqkAAA9"}
[2025-11-24T20:55:49.755Z] [SOCKET_REGISTER] {"username":"alice","socketId":"zNL5WW0jZMLgPRqkAAA9"}
[2025-11-24T20:55:54.271Z] [SOCKET_REGISTER] {"username":"bob2","socketId":"nO2JWf2zFcaG9ZI3AAA_"}
[2025-11-24T20:55:54.273Z] [SOCKET_REGISTER] {"username":"bob2","socketId":"nO2JWf2zFcaG9ZI3AAA_"}
[2025-11-24T20:56:07.060Z] [SOCKET_REGISTER] {"username":"alice","socketId":"zNL5WW0jZMLgPRqkAAA9"}
[2025-11-24T20:56:08.872Z] [SOCKET_REGISTER] {"username":"bob2","socketId":"nO2JWf2zFcaG9ZI3AAA_"}
[2025-11-24T21:04:21.402Z] [SOCKET_REGISTER] {"username":"bob2","socketId":"kp-udUI8gipVApPFAABF"}
[2025-11-24T21:04:21.405Z] [SOCKET_REGISTER] {"username":"bob2","socketId":"kp-udUI8gipVApPFAABF"}
[2025-11-24T21:04:25.995Z] [SOCKET_REGISTER] {"username":"alice","socketId":"R0CpEr16yz6ufYCrAABH"}
[2025-11-24T21:04:26.102Z] [SOCKET_REGISTER] {"username":"alice","socketId":"R0CpEr16yz6ufYCrAABH"}
[2025-11-24T21:04:34.374Z] [SOCKET_REGISTER] {"username":"bob2","socketId":"kp-udUI8gipVApPFAABF"}
[2025-11-24T21:04:59.084Z] [SOCKET_REGISTER] {"username":"alice","socketId":"R0CpEr16yz6ufYCrAABH"}
[2025-11-24T21:12:56.959Z] [SOCKET_REGISTER] {"username":"alice","socketId":"YA0ZDvlZ-kC4f_OoAABR"}
[2025-11-24T21:12:57.075Z] [SOCKET_REGISTER] {"username":"alice","socketId":"YA0ZDvlZ-kC4f_OoAABR"}
[2025-11-24T21:13:00.849Z] [SOCKET_REGISTER] {"username":"bob2","socketId":"h2NJpQawDCBzeqglAABT"}
[2025-11-24T21:13:00.960Z] [SOCKET_REGISTER] {"username":"bob2","socketId":"h2NJpQawDCBzeqglAABT"}
[2025-11-24T21:13:08.747Z] [SOCKET_REGISTER] {"username":"bob2","socketId":"h2NJpQawDCBzeqglAABT"}
[2025-11-24T21:13:11.725Z] [SOCKET_REGISTER] {"username":"alice","socketId":"YA0ZDvlZ-kC4f_OoAABR"}
[2025-11-24T21:15:52.625Z] [SOCKET_REGISTER] {"username":"alice","socketId":"cpvf-mV9BVwBaa3FAABV"}
[2025-11-24T21:15:52.728Z] [SOCKET_REGISTER] {"username":"alice","socketId":"cpvf-mV9BVwBaa3FAABV"}
[2025-11-24T21:15:56.487Z] [SOCKET_REGISTER] {"username":"bob2","socketId":"avMyYNYvHvxm4gPnAABX"}
[2025-11-24T21:15:56.594Z] [SOCKET_REGISTER] {"username":"bob2","socketId":"avMyYNYvHvxm4gPnAABX"}
[2025-11-24T21:16:03.488Z] [SOCKET_REGISTER] {"username":"bob2","socketId":"avMyYNYvHvxm4gPnAABX"}
[2025-11-24T21:16:07.864Z] [SOCKET_REGISTER] {"username":"bob2","socketId":"avMyYNYvHvxm4gPnAABX"}
[2025-11-24T21:16:09.487Z] [SOCKET_REGISTER] {"username":"bob2","socketId":"-HMU3ZFxzBAIO-9wAABZ"}
[2025-11-24T21:16:09.601Z] [SOCKET_REGISTER] {"username":"bob2","socketId":"-HMU3ZFxzBAIO-9wAABZ"}
[2025-11-24T21:16:13.112Z] [SOCKET_REGISTER] {"username":"alice","socketId":"WJJ8XqLQQ7Lm8i9LAABb"}
[2025-11-24T21:16:13.228Z] [SOCKET_REGISTER] {"username":"alice","socketId":"WJJ8XqLQQ7Lm8i9LAABb"}
[2025-11-24T21:16:18.388Z] [SOCKET_REGISTER] {"username":"alice","socketId":"WJJ8XqLQQ7Lm8i9LAABb"}
[2025-11-24T21:16:21.608Z] [SOCKET_REGISTER] {"username":"bob2","socketId":"-HMU3ZFxzBAIO-9wAABZ"}
[2025-11-24T21:26:02.005Z] [SOCKET_REGISTER] {"username":"alice","socketId":"fAjJkQsrunvtwbXuAABd"}
[2025-11-24T21:26:02.122Z] [SOCKET_REGISTER] {"username":"alice","socketId":"fAjJkQsrunvtwbXuAABd"}
[2025-11-24T21:26:10.468Z] [SOCKET_REGISTER] {"username":"bob2","socketId":"SBMFmOUKQJ2F_48yAABf"}
[2025-11-24T21:26:10.583Z] [SOCKET_REGISTER] {"username":"bob2","socketId":"SBMFmOUKQJ2F_48yAABf"}
[2025-11-24T21:26:16.068Z] [SOCKET_REGISTER] {"username":"bob2","socketId":"SBMFmOUKQJ2F_48yAABf"}
[2025-11-24T21:26:19.046Z] [SOCKET_REGISTER] {"username":"alice","socketId":"fAjJkQsrunvtwbXuAABd"}
[2025-11-24T21:29:00.540Z] [SOCKET_REGISTER] {"username":"alice","socketId":"QbFyuk7Td9e1uAPwAABh"}
[2025-11-24T21:29:00.543Z] [SOCKET_REGISTER] {"username":"alice","socketId":"QbFyuk7Td9e1uAPwAABh"}
[2025-11-24T21:29:04.137Z] [SOCKET_REGISTER] {"username":"bob2","socketId":"1vEBhT5cYc_GVf8jAABj"}
[2025-11-24T21:29:04.253Z] [SOCKET_REGISTER] {"username":"bob2","socketId":"1vEBhT5cYc_GVf8jAABj"}
[2025-11-24T21:29:11.882Z] [SOCKET_REGISTER] {"username":"alice","socketId":"QbFyuk7Td9e1uAPwAABh"}
[2025-11-24T21:29:14.578Z] [SOCKET_REGISTER] {"username":"bob2","socketId":"1vEBhT5cYc_GVf8jAABj"}
[2025-11-24T22:21:29.637Z] [SOCKET_REGISTER] {"username":"alice","socketId":"Pvvv0kLuePjX3WEYAABl"}
[2025-11-24T22:21:29.743Z] [SOCKET_REGISTER] {"username":"alice","socketId":"Pvvv0kLuePjX3WEYAABl"}
[2025-11-24T22:21:33.249Z] [SOCKET_REGISTER] {"username":"bob2","socketId":"4miMn3_xa2QILCUNAABn"}
[2025-11-24T22:21:33.350Z] [SOCKET_REGISTER] {"username":"bob2","socketId":"4miMn3_xa2QILCUNAABn"}
[2025-11-24T22:21:40.740Z] [SOCKET_REGISTER] {"username":"bob2","socketId":"4miMn3_xa2QILCUNAABn"}
[2025-11-24T22:21:45.159Z] [SOCKET_REGISTER] {"username":"bob2","socketId":"4miMn3_xa2QILCUNAABn"}
[2025-11-24T22:21:46.330Z] [SOCKET_REGISTER] {"username":"bob2","socketId":"Hbs4DY8MtbgOAt-rAABp"}
[2025-11-24T22:21:46.443Z] [SOCKET_REGISTER] {"username":"bob2","socketId":"Hbs4DY8MtbgOAt-rAABp"}
[2025-11-24T22:21:50.262Z] [SOCKET_REGISTER] {"username":"alice","socketId":"M24EwZRFlvwF97SKAABr"}
[2025-11-24T22:21:50.264Z] [SOCKET_REGISTER] {"username":"alice","socketId":"M24EwZRFlvwF97SKAABr"}
[2025-11-24T22:21:55.080Z] [SOCKET_REGISTER] {"username":"alice","socketId":"M24EwZRFlvwF97SKAABr"}
[2025-11-24T22:21:57.646Z] [SOCKET_REGISTER] {"username":"bob2","socketId":"Hbs4DY8MtbgOAt-rAABp"}
[2025-11-24T22:24:09.291Z] [SOCKET_REGISTER] {"username":"alice","socketId":"fUq67GAc9IVHmpP-AABt"}
[2025-11-24T22:24:09.403Z] [SOCKET_REGISTER] {"username":"alice","socketId":"fUq67GAc9IVHmpP-AABt"}
[2025-11-24T22:24:12.270Z] [SOCKET_REGISTER] {"username":"bob2","socketId":"ppo3MecDVbbMtGEwAABv"}
[2025-11-24T22:24:12.273Z] [SOCKET_REGISTER] {"username":"bob2","socketId":"ppo3MecDVbbMtGEwAABv"}
[2025-11-24T22:24:17.536Z] [SOCKET_REGISTER] {"username":"bob2","socketId":"ppo3MecDVbbMtGEwAABv"}
[2025-11-24T22:24:20.963Z] [SOCKET_REGISTER] {"username":"alice","socketId":"fUq67GAc9IVHmpP-AABt"}
[2025-11-25T11:49:23.630Z] [AUTH_LOGIN_SUCCESS] {"username":"alice"}
[2025-11-25T11:49:23.680Z] [SOCKET_REGISTER] {"username":"alice","socketId":"4gpDhtOwYTIpOZrAAAAP"}
[2025-11-25T11:49:23.685Z] [SOCKET_REGISTER] {"username":"alice","socketId":"4gpDhtOwYTIpOZrAAAAP"}
[2025-11-25T11:49:37.869Z] [AUTH_LOGIN_SUCCESS] {"username":"bob2"}
[2025-11-25T11:49:52.455Z] [SOCKET_REGISTER] {"username":"bob2","socketId":"ZF3FmNe2NOzVZ2lvAAAN"}
[2025-11-25T11:49:52.468Z] [SOCKET_REGISTER] {"username":"bob2","socketId":"ZF3FmNe2NOzVZ2lvAAAN"}
[2025-11-25T11:50:01.881Z] [KEY_FETCH] {"requester":"unknown","target":"alice"}
[2025-11-25T11:51:31.832Z] [SOCKET_REGISTER] {"username":"alice","socketId":"g7Dh62o735TWKf1MAAAR"}
[2025-11-25T11:51:31.935Z] [SOCKET_REGISTER] {"username":"alice","socketId":"g7Dh62o735TWKf1MAAAR"}
[2025-11-25T11:51:35.580Z] [SOCKET_REGISTER] {"username":"bob2","socketId":"rjpWcJqinuzWbwxMAAAT"}
[2025-11-25T11:51:35.682Z] [SOCKET_REGISTER] {"username":"bob2","socketId":"rjpWcJqinuzWbwxMAAAT"}
[2025-11-25T11:51:42.631Z] [KEY_FETCH] {"requester":"unknown","target":"alice"}
[2025-11-25T11:52:41.613Z] [AUTH_REGISTER_FAIL] {"username":"bob2","reason":"User already exists"}
[2025-11-25T11:52:52.272Z] [AUTH_LOGIN_SUCCESS] {"username":"bob2"}
[2025-11-25T11:52:52.297Z] [SOCKET_REGISTER] {"username":"bob2","socketId":"DeFNQ7IlBuXHyh-5AAAV"}
[2025-11-25T11:52:52.300Z] [SOCKET_REGISTER] {"username":"bob2","socketId":"DeFNQ7IlBuXHyh-5AAAV"}
[2025-11-25T11:52:56.848Z] [KEY_FETCH] {"requester":"unknown","target":"alice"}
[2025-11-25T11:52:56.874Z] [KEY_EXCHANGE_INIT] {"with":"alice","role":"Initiator"}
[2025-11-25T11:52:56.898Z] [KEY_FETCH] {"requester":"unknown","target":"bob2"}
[2025-11-25T11:52:56.918Z] [INVALID_SIGNATURE] {"senderSigningPublicKey":{"crv":"P-256","ext":true,"key_ops":["verify"],"kty":"EC","x":"1pUWIXv9UJBF9IGke_DYiiuoWtlb5hR9XdtSKTaDNNM","y":"fpVplZvHfvjidu0GeRM8re2PvDH_xy4mRBdjlcdgong"},"signature":[128,250,118,62,115,249,21,74,108,70,250,88,137,195,186,50,93,234,212,24,5,106,33,225,111,29,127,206,120,244,137,5,226,164,248,52,40,156,138,76,43,69,142,179,76,140,57,249,70,174,217,130,132,123,212,29,71,78,238,84,215,65,44,61]}
[2025-11-25T11:52:59.791Z] [SOCKET_REGISTER] {"username":"bob2","socketId":"DeFNQ7IlBuXHyh-5AAAV"}
[2025-11-25T11:53:26.759Z] [KEY_FETCH] {"requester":"unknown","target":"bob2"}
[2025-11-25T11:53:26.794Z] [KEY_EXCHANGE_INIT] {"with":"bob2","role":"Initiator"}
[2025-11-25T11:53:26.807Z] [KEY_FETCH] {"requester":"unknown","target":"alice"}
[2025-11-25T11:53:26.824Z] [KEY_EXCHANGE_SUCCESS] {"with":"alice","role":"Responder"}
[2025-11-25T11:53:26.837Z] [SOCKET_REGISTER] {"username":"bob2","socketId":"DeFNQ7IlBuXHyh-5AAAV"}
[2025-11-25T11:53:28.442Z] [SOCKET_REGISTER] {"username":"alice","socketId":"g7Dh62o735TWKf1MAAAR"}
[2025-11-25T12:00:38.442Z] [SOCKET_REGISTER] {"username":"alice","socketId":"zmbqvOdd7WUS9l9aAAAZ"}
[2025-11-25T12:00:38.617Z] [SOCKET_REGISTER] {"username":"alice","socketId":"zmbqvOdd7WUS9l9aAAAZ"}
[2025-11-25T12:00:59.682Z] [AUTH_REGISTER_SUCCESS] {"username":"amna"}
[2025-11-25T12:01:11.142Z] [AUTH_LOGIN_FAIL] {"username":"alice"}
[2025-11-25T12:02:09.588Z] [AUTH_LOGIN_SUCCESS] {"username":"alice"}
[2025-11-25T12:02:09.616Z] [SOCKET_REGISTER] {"username":"alice","socketId":"4iL86nTUFwHTEgkyAAAd"}
[2025-11-25T12:02:09.619Z] [SOCKET_REGISTER] {"username":"alice","socketId":"4iL86nTUFwHTEgkyAAAd"}
[2025-11-25T12:04:49.352Z] [KEY_FETCH] {"requester":"unknown","target":"bob2"}
[2025-11-25T12:04:49.396Z] [KEY_EXCHANGE_INIT] {"with":"bob2","role":"Initiator"}
[2025-11-25T12:04:49.417Z] [KEY_FETCH] {"requester":"unknown","target":"alice"}
[2025-11-25T12:04:49.430Z] [INVALID_SIGNATURE] {"senderSigningPublicKey":{"crv":"P-256","ext":true,"key_ops":["verify"],"kty":"EC","x":"h2sCuD35oNdJ0cazGCQv9ghyvmgeiRTc-1hYHgFaMHs","y":"RfHLSvWQy3HOipQURYkizL4AdjxU67W8r5mgVO-PxF8"},"signature":[116,40,187,207,176,207,245,217,231,35,57,78,187,156,51,88,182,129,242,140,78,206,205,137,200,222,129,210,158,137,99,253,116,87,79,229,149,126,65,115,43,0,97,98,45,100,232,230,33,123,92,8,183,71,166,108,55,230,18,8,78,196,154,167]}
[2025-11-25T12:04:51.062Z] [SOCKET_REGISTER] {"username":"alice","socketId":"rslxYJJ9D5MbYyexAAAf"}
[2025-11-25T12:05:30.890Z] [KEY_FETCH] {"requester":"unknown","target":"alice"}
[2025-11-25T12:05:30.904Z] [KEY_EXCHANGE_INIT] {"with":"alice","role":"Initiator"}
[2025-11-25T12:05:30.927Z] [KEY_FETCH] {"requester":"unknown","target":"bob2"}
[2025-11-25T12:05:31.042Z] [INVALID_SIGNATURE] {"senderSigningPublicKey":{"crv":"P-256","ext":true,"key_ops":["verify"],"kty":"EC","x":"1pUWIXv9UJBF9IGke_DYiiuoWtlb5hR9XdtSKTaDNNM","y":"fpVplZvHfvjidu0GeRM8re2PvDH_xy4mRBdjlcdgong"},"signature":[83,221,114,246,185,75,53,30,149,236,33,19,250,190,18,154,138,244,245,108,201,212,81,189,199,209,142,82,50,15,18,58,160,66,44,135,250,4,120,148,206,96,234,225,76,230,42,169,85,86,39,193,115,60,112,41,219,148,203,39,217,72,114,78]}
[2025-11-25T12:05:32.623Z] [SOCKET_REGISTER] {"username":"bob2","socketId":"DeFNQ7IlBuXHyh-5AAAV"}
[2025-11-25T12:05:54.857Z] [KEY_FETCH] {"requester":"unknown","target":"bob2"}
[2025-11-25T12:05:54.902Z] [KEY_EXCHANGE_INIT] {"with":"bob2","role":"Initiator"}
[2025-11-25T12:05:54.918Z] [KEY_FETCH] {"requester":"unknown","target":"alice"}
[2025-11-25T12:05:54.926Z] [INVALID_SIGNATURE] {"senderSigningPublicKey":{"crv":"P-256","ext":true,"key_ops":["verify"],"kty":"EC","x":"h2sCuD35oNdJ0cazGCQv9ghyvmgeiRTc-1hYHgFaMHs","y":"RfHLSvWQy3HOipQURYkizL4AdjxU67W8r5mgVO-PxF8"},"signature":[222,198,215,198,56,11,248,78,38,166,56,109,180,13,8,2,202,73,219,119,29,186,231,232,15,201,61,244,221,159,247,222,28,175,123,58,104,175,204,178,218,37,120,127,137,150,251,232,72,55,201,149,150,216,117,9,6,244,183,110,174,79,102,198]}
[2025-11-25T12:05:57.133Z] [SOCKET_REGISTER] {"username":"alice","socketId":"zmbqvOdd7WUS9l9aAAAZ"}
[2025-11-25T12:06:04.598Z] [SOCKET_REGISTER] {"username":"bob2","socketId":"s9AG9V-cW_bA58KTAAAh"}
[2025-11-25T12:06:04.699Z] [SOCKET_REGISTER] {"username":"bob2","socketId":"s9AG9V-cW_bA58KTAAAh"}
[2025-11-25T12:06:08.926Z] [KEY_FETCH] {"requester":"unknown","target":"alice"}
[2025-11-25T12:06:08.967Z] [KEY_EXCHANGE_INIT] {"with":"alice","role":"Initiator"}
[2025-11-25T12:06:08.978Z] [KEY_FETCH] {"requester":"unknown","target":"bob2"}
[2025-11-25T12:06:08.989Z] [INVALID_SIGNATURE] {"senderSigningPublicKey":{"crv":"P-256","ext":true,"key_ops":["verify"],"kty":"EC","x":"1pUWIXv9UJBF9IGke_DYiiuoWtlb5hR9XdtSKTaDNNM","y":"fpVplZvHfvjidu0GeRM8re2PvDH_xy4mRBdjlcdgong"},"signature":[201,234,194,218,194,178,73,138,0,180,85,135,235,17,127,212,76,168,43,221,107,124,55,151,141,80,34,102,254,17,216,77,222,50,112,42,84,161,124,108,212,129,123,129,213,108,251,129,61,142,3,115,80,242,202,54,125,27,36,63,187,116,92,167]}
[2025-11-25T12:06:10.571Z] [SOCKET_REGISTER] {"username":"bob2","socketId":"s9AG9V-cW_bA58KTAAAh"}
[2025-11-25T12:12:46.906Z] [SOCKET_REGISTER] {"username":"alice","socketId":"ERkFjodpbCovbJ1RAAAF"}
[2025-11-25T12:12:47.018Z] [SOCKET_REGISTER] {"username":"alice","socketId":"ERkFjodpbCovbJ1RAAAF"}
[2025-11-25T12:21:24.595Z] [KEY_FETCH] {"requester":"unknown","target":"bob2"}
[2025-11-25T12:21:24.647Z] [KEY_EXCHANGE_INIT] {"with":"bob2","role":"Initiator"}
[2025-11-25T12:21:26.582Z] [SOCKET_REGISTER] {"username":"alice","socketId":"ERkFjodpbCovbJ1RAAAF"}
[2025-11-25T12:21:29.882Z] [SOCKET_REGISTER] {"username":"bob2","socketId":"rgy8EPnsV4g_xLSpAAAH"}
[2025-11-25T12:21:29.993Z] [SOCKET_REGISTER] {"username":"bob2","socketId":"rgy8EPnsV4g_xLSpAAAH"}
[2025-11-25T12:21:50.240Z] [SOCKET_REGISTER] {"username":"bob2","socketId":"XgirzsbGiuJ_n-61AAAJ"}
[2025-11-25T12:21:50.350Z] [SOCKET_REGISTER] {"username":"bob2","socketId":"XgirzsbGiuJ_n-61AAAJ"}
[2025-11-25T12:26:39.746Z] [AUTH_LOGIN_SUCCESS] {"username":"alice"}
[2025-11-25T12:26:39.790Z] [SOCKET_REGISTER] {"username":"alice","socketId":"0TWRGAQvpj__O-YmAAAN"}
[2025-11-25T12:26:39.794Z] [SOCKET_REGISTER] {"username":"alice","socketId":"0TWRGAQvpj__O-YmAAAN"}
[2025-11-25T12:26:49.651Z] [AUTH_LOGIN_SUCCESS] {"username":"bob2"}
[2025-11-25T12:26:49.665Z] [SOCKET_REGISTER] {"username":"bob2","socketId":"Iw2URBYBd_64HBweAAAL"}
[2025-11-25T12:26:49.669Z] [SOCKET_REGISTER] {"username":"bob2","socketId":"Iw2URBYBd_64HBweAAAL"}
[2025-11-25T12:26:54.738Z] [KEY_FETCH] {"requester":"unknown","target":"alice"}
[2025-11-25T12:26:54.780Z] [KEY_EXCHANGE_INIT] {"with":"alice","role":"Initiator"}
[2025-11-25T12:26:54.793Z] [KEY_FETCH] {"requester":"unknown","target":"bob2"}
[2025-11-25T12:26:54.802Z] [INVALID_SIGNATURE] {"senderSigningPublicKey":{"crv":"P-256","ext":true,"key_ops":["verify"],"kty":"EC","x":"1pUWIXv9UJBF9IGke_DYiiuoWtlb5hR9XdtSKTaDNNM","y":"fpVplZvHfvjidu0GeRM8re2PvDH_xy4mRBdjlcdgong"},"signature":[209,109,205,238,228,91,124,166,20,239,100,202,156,121,111,138,226,70,80,83,216,135,181,109,237,136,113,160,15,154,31,209,134,58,60,67,225,61,162,120,85,199,133,137,165,162,18,133,195,124,51,67,185,220,56,136,238,81,219,205,2,138,71,102]}
[2025-11-25T12:26:57.416Z] [SOCKET_REGISTER] {"username":"bob2","socketId":"Iw2URBYBd_64HBweAAAL"}
[2025-11-25T12:30:42.163Z] [AUTH_LOGIN_FAIL] {"username":"alice"}
[2025-11-25T12:30:48.346Z] [AUTH_REGISTER_SUCCESS] {"username":"alice"}
[2025-11-25T12:30:51.451Z] [AUTH_LOGIN_SUCCESS] {"username":"alice"}
[2025-11-25T12:30:51.472Z] [SOCKET_REGISTER] {"username":"alice","socketId":"jwvL4O7h6oCxSkuDAAAP"}
[2025-11-25T12:30:51.474Z] [SOCKET_REGISTER] {"username":"alice","socketId":"jwvL4O7h6oCxSkuDAAAP"}
[2025-11-25T12:31:08.833Z] [AUTH_REGISTER_SUCCESS] {"username":"bob2"}
[2025-11-25T12:31:18.183Z] [AUTH_LOGIN_SUCCESS] {"username":"bob2"}
[2025-11-25T12:31:18.195Z] [SOCKET_REGISTER] {"username":"bob2","socketId":"zrsfwsTEi1A2jMwLAAAR"}
[2025-11-25T12:31:18.197Z] [SOCKET_REGISTER] {"username":"bob2","socketId":"zrsfwsTEi1A2jMwLAAAR"}
[2025-11-25T12:31:22.311Z] [KEY_FETCH] {"requester":"unknown","target":"alice"}
[2025-11-25T12:31:22.344Z] [KEY_EXCHANGE_INIT] {"with":"alice","role":"Initiator"}
[2025-11-25T12:31:22.354Z] [KEY_FETCH] {"requester":"unknown","target":"bob2"}
[2025-11-25T12:31:22.376Z] [KEY_EXCHANGE_SUCCESS] {"with":"bob2","role":"Responder"}
[2025-11-25T12:31:22.392Z] [SOCKET_REGISTER] {"username":"alice","socketId":"jwvL4O7h6oCxSkuDAAAP"}
[2025-11-25T12:31:24.050Z] [SOCKET_REGISTER] {"username":"bob2","socketId":"zrsfwsTEi1A2jMwLAAAR"}
[2025-11-26T13:12:53.318Z] [AUTH_LOGIN_SUCCESS] {"username":"alice"}
[2025-11-26T13:12:53.379Z] [SOCKET_REGISTER] {"username":"alice","socketId":"qdITsxlTXvqCcvy3AAAK"}
[2025-11-26T13:12:53.387Z] [SOCKET_REGISTER] {"username":"alice","socketId":"qdITsxlTXvqCcvy3AAAK"}
[2025-11-26T13:13:09.855Z] [AUTH_LOGIN_SUCCESS] {"username":"bob2"}
[2025-11-26T13:13:15.984Z] [SOCKET_REGISTER] {"username":"bob2","socketId":"ORpBP3IBjEBt26EpAAAL"}
[2025-11-26T13:13:15.993Z] [SOCKET_REGISTER] {"username":"bob2","socketId":"ORpBP3IBjEBt26EpAAAL"}
[2025-11-26T13:13:23.950Z] [KEY_FETCH] {"requester":"unknown","target":"alice"}
[2025-11-26T13:14:02.352Z] [KEY_FETCH] {"requester":"unknown","target":"bob2"}
[2025-11-26T13:14:02.386Z] [KEY_EXCHANGE_INIT] {"with":"bob2","role":"Initiator"}
[2025-11-26T13:14:02.397Z] [KEY_FETCH] {"requester":"unknown","target":"alice"}
[2025-11-26T13:14:04.552Z] [SOCKET_REGISTER] {"username":"alice","socketId":"qdITsxlTXvqCcvy3AAAK"}
[2025-11-26T13:14:29.148Z] [SOCKET_REGISTER] {"username":"bob2","socketId":"O0GPI-DH_gzLGzmRAAAN"}
[2025-11-26T13:14:29.257Z] [SOCKET_REGISTER] {"username":"bob2","socketId":"O0GPI-DH_gzLGzmRAAAN"}
[2025-11-26T13:14:42.103Z] [AUTH_REGISTER_FAIL] {"username":"bob2","reason":"User already exists"}
[2025-11-26T13:14:53.528Z] [AUTH_LOGIN_SUCCESS] {"username":"bob2"}
[2025-11-26T13:14:53.562Z] [SOCKET_REGISTER] {"username":"bob2","socketId":"BuZbwYJummXhoP4DAAAP"}
[2025-11-26T13:14:53.563Z] [SOCKET_REGISTER] {"username":"bob2","socketId":"BuZbwYJummXhoP4DAAAP"}
[2025-11-26T13:14:58.128Z] [KEY_FETCH] {"requester":"unknown","target":"alice"}
[2025-11-26T13:14:58.157Z] [KEY_EXCHANGE_INIT] {"with":"alice","role":"Initiator"}
[2025-11-26T13:14:58.170Z] [KEY_FETCH] {"requester":"unknown","target":"bob2"}
[2025-11-26T13:14:58.182Z] [INVALID_SIGNATURE] {"senderSigningPublicKey":{"crv":"P-256","ext":true,"key_ops":["verify"],"kty":"EC","x":"o2i1o-K5nm6uQITFGZzE-BkVoXgAvn20yZJ5A91kp1U","y":"Bg8JSc68q7nzx3X8P93F4BEH1YgC-1iEweT3BM3yXLs"},"signature":[181,126,216,188,21,64,63,220,11,28,146,126,252,63,186,70,28,76,76,115,120,229,3,94,92,33,189,149,187,9,136,82,98,153,100,58,90,69,188,108,148,225,35,91,144,126,95,63,108,179,156,76,135,241,80,22,77,251,66,32,58,125,199,251]}
[2025-11-26T13:14:59.925Z] [SOCKET_REGISTER] {"username":"bob2","socketId":"BuZbwYJummXhoP4DAAAP"}
[2025-11-26T13:16:27.909Z] [AUTH_LOGIN_SUCCESS] {"username":"bob2"}
[2025-11-26T13:16:31.621Z] [SOCKET_REGISTER] {"username":"bob2","socketId":"bkntTj3knv7em2sqAAAT"}
[2025-11-26T13:16:31.627Z] [SOCKET_REGISTER] {"username":"bob2","socketId":"bkntTj3knv7em2sqAAAT"}
[2025-11-26T13:16:36.369Z] [AUTH_LOGIN_SUCCESS] {"username":"alice"}
[2025-11-26T13:16:38.170Z] [SOCKET_REGISTER] {"username":"alice","socketId":"8QLpiI8FQiRDQHzNAAAR"}
[2025-11-26T13:16:38.181Z] [SOCKET_REGISTER] {"username":"alice","socketId":"8QLpiI8FQiRDQHzNAAAR"}
[2025-11-26T13:17:04.271Z] [KEY_FETCH] {"requester":"unknown","target":"bob2"}
[2025-11-26T13:20:16.656Z] [SOCKET_REGISTER] {"username":"alice","socketId":"UNz9ymWbfTBFknmRAAAX"}
[2025-11-26T13:20:16.776Z] [SOCKET_REGISTER] {"username":"alice","socketId":"UNz9ymWbfTBFknmRAAAX"}
[2025-11-26T13:20:23.905Z] [KEY_FETCH] {"requester":"unknown","target":"alice"}
[2025-11-26T13:21:46.402Z] [AUTH_LOGIN_SUCCESS] {"username":"alice"}
[2025-11-26T13:21:51.919Z] [SOCKET_REGISTER] {"username":"alice","socketId":"wdiFYoOqzyQ1EjigAAAd"}
[2025-11-26T13:21:51.922Z] [SOCKET_REGISTER] {"username":"alice","socketId":"wdiFYoOqzyQ1EjigAAAd"}
[2025-11-26T13:22:03.804Z] [AUTH_REGISTER_FAIL] {"username":"alice","reason":"User already exists"}
[2025-11-26T13:22:10.274Z] [AUTH_LOGIN_SUCCESS] {"username":"alice"}
[2025-11-26T13:22:10.303Z] [SOCKET_REGISTER] {"username":"alice","socketId":"tBio3cRK7iSMzbM7AAAf"}
[2025-11-26T13:22:10.304Z] [SOCKET_REGISTER] {"username":"alice","socketId":"tBio3cRK7iSMzbM7AAAf"}
[2025-11-26T13:22:30.707Z] [AUTH_REGISTER_FAIL] {"username":"bob2","reason":"User already exists"}
[2025-11-26T13:22:39.969Z] [AUTH_LOGIN_SUCCESS] {"username":"bob2"}
[2025-11-26T13:22:39.982Z] [SOCKET_REGISTER] {"username":"bob2","socketId":"vPeItQHRUElWKiHIAAAh"}
[2025-11-26T13:22:39.987Z] [SOCKET_REGISTER] {"username":"bob2","socketId":"vPeItQHRUElWKiHIAAAh"}
[2025-11-26T13:22:43.951Z] [KEY_FETCH] {"requester":"unknown","target":"alice"}
[2025-11-26T13:22:43.968Z] [KEY_EXCHANGE_INIT] {"with":"alice","role":"Initiator"}
[2025-11-26T13:22:43.990Z] [KEY_FETCH] {"requester":"unknown","target":"bob2"}
[2025-11-26T13:22:44.019Z] [INVALID_SIGNATURE] {"senderSigningPublicKey":{"crv":"P-256","ext":true,"key_ops":["verify"],"kty":"EC","x":"o2i1o-K5nm6uQITFGZzE-BkVoXgAvn20yZJ5A91kp1U","y":"Bg8JSc68q7nzx3X8P93F4BEH1YgC-1iEweT3BM3yXLs"},"signature":[206,45,235,150,86,138,57,42,145,124,11,193,65,170,184,54,240,135,187,203,131,74,75,94,51,82,35,238,166,250,152,52,84,99,28,11,196,140,20,15,40,64,27,187,249,28,191,173,31,16,176,179,120,29,210,76,55,203,213,93,9,167,252,193]}
[2025-11-26T13:22:45.608Z] [SOCKET_REGISTER] {"username":"bob2","socketId":"vPeItQHRUElWKiHIAAAh"}
[2025-11-26T13:25:45.354Z] [SOCKET_REGISTER] {"username":"alice","socketId":"Tz18Tab4YnVm9RWvAAAr"}
[2025-11-26T13:25:45.463Z] [SOCKET_REGISTER] {"username":"alice","socketId":"Tz18Tab4YnVm9RWvAAAr"}
[2025-11-26T13:25:55.258Z] [SOCKET_REGISTER] {"username":"bob2","socketId":"IMu45cHY5ujhRXIrAAAv"}
[2025-11-26T13:25:55.389Z] [SOCKET_REGISTER] {"username":"bob2","socketId":"IMu45cHY5ujhRXIrAAAv"}
[2025-11-26T13:26:03.145Z] [AUTH_LOGIN_SUCCESS] {"username":"alice"}
[2025-11-26T13:26:03.165Z] [SOCKET_REGISTER] {"username":"alice","socketId":"RAgiVhuBTCo9rTzDAAAt"}
[2025-11-26T13:26:03.171Z] [SOCKET_REGISTER] {"username":"alice","socketId":"RAgiVhuBTCo9rTzDAAAt"}
[2025-11-26T13:26:15.014Z] [AUTH_LOGIN_SUCCESS] {"username":"bob2"}
[2025-11-26T13:26:15.038Z] [SOCKET_REGISTER] {"username":"bob2","socketId":"WgZTTP7MO3vWFFPvAAAx"}
[2025-11-26T13:26:15.043Z] [SOCKET_REGISTER] {"username":"bob2","socketId":"WgZTTP7MO3vWFFPvAAAx"}
[2025-11-26T13:26:20.684Z] [KEY_FETCH] {"requester":"unknown","target":"alice"}
[2025-11-26T13:26:20.706Z] [KEY_EXCHANGE_INIT] {"with":"alice","role":"Initiator"}
[2025-11-26T13:26:20.719Z] [KEY_FETCH] {"requester":"unknown","target":"bob2"}
[2025-11-26T13:26:20.731Z] [INVALID_SIGNATURE] {"senderSigningPublicKey":{"crv":"P-256","ext":true,"key_ops":["verify"],"kty":"EC","x":"o2i1o-K5nm6uQITFGZzE-BkVoXgAvn20yZJ5A91kp1U","y":"Bg8JSc68q7nzx3X8P93F4BEH1YgC-1iEweT3BM3yXLs"},"signature":[110,133,29,123,38,165,248,225,214,67,161,228,184,203,180,67,146,236,94,72,225,97,154,60,202,32,50,65,62,164,69,182,154,203,26,249,106,183,250,126,117,236,104,247,161,203,251,92,133,60,68,150,11,233,255,185,115,36,183,145,87,77,199,200]}
[2025-11-26T13:26:20.740Z] [KEY_EXCHANGE_FAIL] {"with":"bob2","role":"Responder","error":"Invalid signature during key exchange","errorStack":"Error: Invalid signature during key exchange\n    at respondToKeyExchange (http://localhost:5173/src/utils/protocol.js:64:15)\n    at async handleHandshake (http://localhost:5173/src/components/Chat/ChatWindow.jsx?t=1764163460101:59:25)"}
[2025-11-26T13:26:22.176Z] [SOCKET_REGISTER] {"username":"bob2","socketId":"WgZTTP7MO3vWFFPvAAAx"}
[2025-11-26T13:27:08.474Z] [KEY_FETCH] {"requester":"unknown","target":"alice"}
[2025-11-26T13:27:08.489Z] [KEY_EXCHANGE_INIT] {"with":"alice","role":"Initiator"}
[2025-11-26T13:27:08.496Z] [KEY_FETCH] {"requester":"unknown","target":"bob2"}
[2025-11-26T13:27:08.514Z] [INVALID_SIGNATURE] {"senderSigningPublicKey":{"crv":"P-256","ext":true,"key_ops":["verify"],"kty":"EC","x":"o2i1o-K5nm6uQITFGZzE-BkVoXgAvn20yZJ5A91kp1U","y":"Bg8JSc68q7nzx3X8P93F4BEH1YgC-1iEweT3BM3yXLs"},"signature":[254,82,155,187,88,60,28,66,72,7,210,250,155,115,215,239,156,250,253,9,208,33,240,84,135,108,212,3,42,157,201,213,137,168,221,31,219,214,88,187,144,225,137,238,186,162,215,124,51,98,14,18,136,35,17,30,72,207,126,46,83,42,147,217]}
[2025-11-26T13:27:08.523Z] [KEY_EXCHANGE_FAIL] {"with":"bob2","role":"Responder","error":"Invalid signature during key exchange","errorStack":"Error: Invalid signature during key exchange\n    at respondToKeyExchange (http://localhost:5173/src/utils/protocol.js:64:15)\n    at async handleHandshake (http://localhost:5173/src/components/Chat/ChatWindow.jsx?t=1764163460101:59:25)"}
[2025-11-26T13:27:10.251Z] [SOCKET_REGISTER] {"username":"bob2","socketId":"WgZTTP7MO3vWFFPvAAAx"}
[2025-11-26T13:30:19.246Z] [AUTH_REGISTER_SUCCESS] {"username":"alice"}
[2025-11-26T13:31:57.211Z] [AUTH_LOGIN_SUCCESS] {"username":"alice"}
[2025-11-26T13:31:57.231Z] [SOCKET_REGISTER] {"username":"alice","socketId":"GVo98KCiZ4pr5ZWxAAA7"}
[2025-11-26T13:31:57.243Z] [SOCKET_REGISTER] {"username":"alice","socketId":"GVo98KCiZ4pr5ZWxAAA7"}
[2025-11-26T13:32:09.977Z] [AUTH_REGISTER_SUCCESS] {"username":"bob2"}
[2025-11-26T13:32:20.628Z] [AUTH_LOGIN_SUCCESS] {"username":"bob2"}
[2025-11-26T13:32:20.658Z] [SOCKET_REGISTER] {"username":"bob2","socketId":"zecvv_2FeUKRKszvAAA3"}
[2025-11-26T13:32:20.660Z] [SOCKET_REGISTER] {"username":"bob2","socketId":"zecvv_2FeUKRKszvAAA3"}
[2025-11-26T13:33:06.442Z] [KEY_FETCH] {"requester":"unknown","target":"bob2"}
[2025-11-26T13:33:06.472Z] [KEY_EXCHANGE_INIT] {"with":"bob2","role":"Initiator"}
[2025-11-26T13:33:06.497Z] [KEY_FETCH] {"requester":"unknown","target":"alice"}
[2025-11-26T13:33:06.512Z] [KEY_EXCHANGE_SUCCESS] {"with":"alice","role":"Responder"}
[2025-11-26T13:33:06.525Z] [SOCKET_REGISTER] {"username":"bob2","socketId":"zecvv_2FeUKRKszvAAA3"}
[2025-11-26T13:33:11.261Z] [SOCKET_REGISTER] {"username":"alice","socketId":"GVo98KCiZ4pr5ZWxAAA7"}
[2025-11-26T14:08:29.924Z] [SOCKET_REGISTER] {"username":"alice","socketId":"WdukNveNDJRq4C9-AAA9"}
[2025-11-26T14:08:30.026Z] [SOCKET_REGISTER] {"username":"alice","socketId":"WdukNveNDJRq4C9-AAA9"}
[2025-11-26T14:08:50.273Z] [AUTH_LOGIN_FAIL] {"username":"alice"}
[2025-11-26T14:09:21.643Z] [AUTH_LOGIN_FAIL] {"username":"alice11"}
[2025-11-26T14:09:44.481Z] [AUTH_LOGIN_SUCCESS] {"username":"alice"}
[2025-11-26T14:09:44.506Z] [SOCKET_REGISTER] {"username":"alice","socketId":"A_D7Ml43AlaLVnjXAAA_"}
[2025-11-26T14:09:44.507Z] [SOCKET_REGISTER] {"username":"alice","socketId":"A_D7Ml43AlaLVnjXAAA_"}
[2025-11-26T14:10:01.149Z] [KEY_EXCHANGE_INIT_FAIL] {"with":"samra","error":"User \"samra\" not found","errorStack":"AxiosError: Request failed with status code 404\n    at settle (http://localhost:5173/node_modules/.vite/deps/axios.js?v=b2f7eee4:1257:12)\n    at XMLHttpRequest.onloadend (http://localhost:5173/node_modules/.vite/deps/axios.js?v=b2f7eee4:1606:7)\n    at Axios.request (http://localhost:5173/node_modules/.vite/deps/axios.js?v=b2f7eee4:2223:41)\n    at async startChat (http://localhost:5173/src/components/Chat/ChatWindow.jsx?t=1764163460101:161:19)"}
[2025-11-26T14:10:11.248Z] [KEY_FETCH] {"requester":"unknown","target":"bob2"}
[2025-11-26T14:10:11.264Z] [KEY_EXCHANGE_INIT] {"with":"bob2","role":"Initiator"}
[2025-11-26T14:10:11.269Z] [KEY_FETCH] {"requester":"unknown","target":"alice"}
[2025-11-26T14:10:11.297Z] [KEY_EXCHANGE_SUCCESS] {"with":"alice","role":"Responder"}
[2025-11-26T14:10:13.441Z] [SOCKET_REGISTER] {"username":"alice","socketId":"A_D7Ml43AlaLVnjXAAA_"}
[2025-11-26T14:10:17.796Z] [SOCKET_REGISTER] {"username":"bob2","socketId":"zecvv_2FeUKRKszvAAA3"}
[2025-11-28T13:39:38.508Z] [AUTH_REGISTER_ERROR] {"username":"warda","error":"User validation failed: password: Path `password` (`warda`, length 5) is shorter than the minimum allowed length (6)."}
[2025-11-28T13:39:59.648Z] [AUTH_REGISTER_SUCCESS] {"username":"warda"}
[2025-11-28T13:41:00.314Z] [AUTH_REGISTER_SUCCESS] {"username":"warda"}
[2025-11-28T13:41:10.002Z] [AUTH_LOGIN_SUCCESS] {"username":"warda"}
[2025-11-28T13:41:10.051Z] [SOCKET_REGISTER] {"username":"warda","socketId":"w9HGNSbI6KCRjaVQAAAB"}
[2025-11-28T13:41:10.062Z] [SOCKET_REGISTER] {"username":"warda","socketId":"w9HGNSbI6KCRjaVQAAAB"}
[2025-11-28T13:42:07.159Z] [AUTH_REGISTER_SUCCESS] {"username":"muskan"}
[2025-11-28T13:42:20.132Z] [AUTH_LOGIN_SUCCESS] {"username":"muskan"}
[2025-11-28T13:42:20.191Z] [SOCKET_REGISTER] {"username":"muskan","socketId":"YCycOuo35bgJfQaUAAAD"}
[2025-11-28T13:42:20.193Z] [SOCKET_REGISTER] {"username":"muskan","socketId":"YCycOuo35bgJfQaUAAAD"}
[2025-11-28T13:42:27.958Z] [KEY_FETCH] {"requester":"unknown","target":"muskan"}
[2025-11-28T13:42:28.142Z] [KEY_EXCHANGE_INIT] {"with":"muskan","role":"Initiator"}
[2025-11-28T13:42:28.228Z] [KEY_FETCH] {"requester":"unknown","target":"warda"}
[2025-11-28T13:42:28.326Z] [KEY_EXCHANGE_SUCCESS] {"with":"warda","role":"Responder"}
[2025-11-28T13:42:28.477Z] [SOCKET_REGISTER] {"username":"muskan","socketId":"YCycOuo35bgJfQaUAAAD"}
[2025-11-28T13:42:34.465Z] [SOCKET_REGISTER] {"username":"warda","socketId":"w9HGNSbI6KCRjaVQAAAB"}
[2025-11-28T14:34:21.938Z] [AUTH_LOGIN_SUCCESS] {"username":"warda"}
[2025-11-28T14:34:22.055Z] [SOCKET_REGISTER] {"username":"warda","socketId":"t7xt5ctRcaJMCbZVAAAH"}
[2025-11-28T14:34:22.062Z] [SOCKET_REGISTER] {"username":"warda","socketId":"t7xt5ctRcaJMCbZVAAAH"}
[2025-11-28T14:40:35.325Z] [AUTH_LOGIN_FAIL] {"username":"wardaa"}
[2025-11-28T14:40:43.196Z] [AUTH_LOGIN_SUCCESS] {"username":"warda"}
[2025-11-28T14:40:43.297Z] [SOCKET_REGISTER] {"username":"warda","socketId":"Q-5Mc6v61nEUdCkZAAAL"}
[2025-11-28T14:40:43.322Z] [SOCKET_REGISTER] {"username":"warda","socketId":"Q-5Mc6v61nEUdCkZAAAL"}
[2025-11-28T14:56:36.218Z] [SOCKET_REGISTER] {"username":"warda","socketId":"PMssvx-NVhMUWtW3AAAT"}
[2025-11-28T14:56:36.327Z] [SOCKET_REGISTER] {"username":"warda","socketId":"PMssvx-NVhMUWtW3AAAT"}
[2025-11-28T15:02:08.377Z] [KEY_FETCH] {"requester":"unknown","target":"muskan"}
[2025-11-28T15:02:08.519Z] [KEY_EXCHANGE_INIT] {"with":"muskan","role":"Initiator"}
[2025-11-28T15:02:08.952Z] [KEY_FETCH] {"requester":"unknown","target":"warda"}
[2025-11-28T15:02:09.066Z] [KEY_EXCHANGE_SUCCESS] {"with":"warda","role":"Responder"}
[2025-11-28T15:02:09.324Z] [SOCKET_REGISTER] {"username":"muskan","socketId":"XKEUCuMg0URtuRaHAAAF"}
[2025-11-28T15:02:10.563Z] [SOCKET_REGISTER] {"username":"warda","socketId":"NJHSw50nSWc6gVzFAAAX"}
[2025-11-28T15:04:04.110Z] [SOCKET_REGISTER] {"username":"muskan","socketId":"SeqxL8cHfIZ4lW99AAAc"}
[2025-11-28T15:04:04.209Z] [SOCKET_REGISTER] {"username":"muskan","socketId":"SeqxL8cHfIZ4lW99AAAc"}
[2025-11-28T15:04:18.437Z] [KEY_FETCH] {"requester":"unknown","target":"warda"}
[2025-11-28T15:04:18.735Z] [KEY_EXCHANGE_INIT] {"with":"warda","role":"Initiator"}
[2025-11-28T15:04:18.740Z] [KEY_FETCH] {"requester":"unknown","target":"muskan"}
[2025-11-28T15:04:19.412Z] [KEY_EXCHANGE_SUCCESS] {"with":"muskan","role":"Responder"}
[2025-11-28T15:04:20.865Z] [SOCKET_REGISTER] {"username":"warda","socketId":"NJHSw50nSWc6gVzFAAAX"}
[2025-11-28T15:04:34.747Z] [SOCKET_REGISTER] {"username":"muskan","socketId":"SeqxL8cHfIZ4lW99AAAc"}
[2025-11-28T15:11:47.586Z] [SOCKET_REGISTER] {"username":"warda","socketId":"maOwDKHkmfQVK1r2AAAe"}
[2025-11-28T15:11:47.695Z] [SOCKET_REGISTER] {"username":"warda","socketId":"maOwDKHkmfQVK1r2AAAe"}
[2025-11-28T15:11:55.796Z] [KEY_FETCH] {"requester":"unknown","target":"muskan"}
[2025-11-28T15:11:55.883Z] [KEY_EXCHANGE_INIT] {"with":"muskan","role":"Initiator"}
[2025-11-28T15:11:56.030Z] [KEY_FETCH] {"requester":"unknown","target":"warda"}
[2025-11-28T15:11:56.349Z] [KEY_EXCHANGE_SUCCESS] {"with":"warda","role":"Responder"}
[2025-11-28T15:11:56.351Z] [SOCKET_REGISTER] {"username":"muskan","socketId":"SeqxL8cHfIZ4lW99AAAc"}
[2025-11-28T15:11:57.501Z] [SOCKET_REGISTER] {"username":"warda","socketId":"maOwDKHkmfQVK1r2AAAe"}
[2025-11-28T15:24:17.413Z] [REPLAY_ATTACK_DETECTED] {"sender":"warda","reason":"Out-of-order sequence (got 1, expected > 2)","message":{"to":"muskan","type":"text","sender":"warda","ciphertext":[197,219,255,188,42,160,108,174,247,206,38,72,71,80,253,67,156,32,42],"iv":[51,237,147,196,82,104,48,22,57,99,188,225],"nonce":"3a50986b015d3868a90c35d4ff9f8e3e","timestamp":1764343456732,"sequence":1}}
[2025-11-28T15:32:15.687Z] [SOCKET_REGISTER] {"username":"warda","socketId":"7xtyhdO4ImJQw00oAAAk"}
[2025-11-28T15:32:15.707Z] [SOCKET_REGISTER] {"username":"warda","socketId":"7xtyhdO4ImJQw00oAAAk"}
[2025-11-28T16:45:47.108Z] [AUTH_REGISTER_ERROR] {"username":"asma","error":"User validation failed: password: Path `password` (`asmaa`, length 5) is shorter than the minimum allowed length (6)."}
[2025-11-28T16:46:32.232Z] [AUTH_REGISTER_SUCCESS] {"username":"asma"}
[2025-11-28T16:47:08.160Z] [AUTH_LOGIN_FAIL] {"username":"asma"}
[2025-11-28T16:47:24.602Z] [AUTH_LOGIN_FAIL] {"username":"asma"}
[2025-11-28T16:47:43.608Z] [AUTH_REGISTER_FAIL] {"username":"asma","reason":"User already exists"}
[2025-11-28T16:48:08.227Z] [AUTH_REGISTER_SUCCESS] {"username":"wardanew"}
[2025-11-28T16:48:18.559Z] [AUTH_LOGIN_SUCCESS] {"username":"wardanew"}
[2025-11-28T16:48:18.670Z] [SOCKET_REGISTER] {"username":"wardanew","socketId":"kTsyLw37j_-9MgDaAAAD"}
[2025-11-28T16:48:18.684Z] [SOCKET_REGISTER] {"username":"wardanew","socketId":"kTsyLw37j_-9MgDaAAAD"}
[2025-11-28T16:56:58.579Z] [AUTH_REGISTER_SUCCESS] {"username":"bob2"}
[2025-11-28T16:57:10.612Z] [AUTH_LOGIN_SUCCESS] {"username":"bob2"}
[2025-11-28T16:57:10.721Z] [SOCKET_REGISTER] {"username":"bob2","socketId":"Bk4Udcu6tIl4qOJXAAAF"}
[2025-11-28T16:57:10.723Z] [SOCKET_REGISTER] {"username":"bob2","socketId":"Bk4Udcu6tIl4qOJXAAAF"}
[2025-11-28T16:57:31.975Z] [AUTH_REGISTER_SUCCESS] {"username":"alice"}
[2025-11-28T16:57:41.205Z] [AUTH_LOGIN_SUCCESS] {"username":"alice"}
[2025-11-28T16:57:41.267Z] [SOCKET_REGISTER] {"username":"alice","socketId":"kTsyLw37j_-9MgDaAAAD"}
[2025-11-28T16:57:41.287Z] [SOCKET_REGISTER] {"username":"alice","socketId":"kTsyLw37j_-9MgDaAAAD"}
[2025-11-28T17:06:31.019Z] [KEY_FETCH] {"requester":"unknown","target":"bob2"}
[2025-11-28T17:06:31.255Z] [KEY_EXCHANGE_INIT] {"with":"bob2","role":"Initiator"}
[2025-11-28T17:06:31.770Z] [KEY_FETCH] {"requester":"unknown","target":"alice"}
[2025-11-28T17:06:31.966Z] [KEY_EXCHANGE_SUCCESS] {"with":"alice","role":"Responder"}
[2025-11-28T17:06:32.402Z] [SOCKET_REGISTER] {"username":"bob2","socketId":"Bk4Udcu6tIl4qOJXAAAF"}
[2025-11-28T17:26:02.278Z] [SOCKET_REGISTER] {"username":"alice","socketId":"bKEeTW4SIU9ksU1eAAAJ"}
[2025-11-28T17:26:02.376Z] [SOCKET_REGISTER] {"username":"alice","socketId":"bKEeTW4SIU9ksU1eAAAJ"}
[2025-11-28T17:28:38.614Z] [KEY_FETCH] {"requester":"unknown","target":"bob2"}
[2025-11-28T17:28:38.877Z] [KEY_EXCHANGE_INIT] {"with":"bob2","role":"Initiator"}
[2025-11-28T17:28:41.232Z] [SOCKET_REGISTER] {"username":"alice","socketId":"bKEeTW4SIU9ksU1eAAAJ"}
[2025-11-28T17:29:12.440Z] [SOCKET_REGISTER] {"username":"bob2","socketId":"XD28pbmoVk8vh5i8AAAN"}
[2025-11-28T17:29:12.543Z] [SOCKET_REGISTER] {"username":"bob2","socketId":"XD28pbmoVk8vh5i8AAAN"}
[2025-11-28T17:29:20.571Z] [KEY_FETCH] {"requester":"unknown","target":"bob2"}
[2025-11-28T17:29:20.690Z] [KEY_EXCHANGE_INIT] {"with":"bob2","role":"Initiator"}
[2025-11-28T17:29:20.776Z] [KEY_FETCH] {"requester":"unknown","target":"alice"}
[2025-11-28T17:29:20.921Z] [KEY_EXCHANGE_SUCCESS] {"with":"alice","role":"Responder"}
[2025-11-28T17:29:21.050Z] [SOCKET_REGISTER] {"username":"bob2","socketId":"XD28pbmoVk8vh5i8AAAN"}
[2025-11-28T17:29:22.639Z] [SOCKET_REGISTER] {"username":"alice","socketId":"bKEeTW4SIU9ksU1eAAAJ"}
[2025-12-01T08:18:53.643Z] [AUTH_LOGIN_SUCCESS] {"username":"warda"}
[2025-12-01T08:18:53.853Z] [SOCKET_REGISTER] {"username":"warda","socketId":"B-6PKl5NYQ4WHfsvAAAB"}
[2025-12-01T08:18:53.870Z] [SOCKET_REGISTER] {"username":"warda","socketId":"B-6PKl5NYQ4WHfsvAAAB"}
[2025-12-01T08:19:21.833Z] [AUTH_LOGIN_SUCCESS] {"username":"muskan"}
[2025-12-01T08:19:21.922Z] [SOCKET_REGISTER] {"username":"muskan","socketId":"8xETE5IbMxidjEDlAAAD"}
[2025-12-01T08:19:21.926Z] [SOCKET_REGISTER] {"username":"muskan","socketId":"8xETE5IbMxidjEDlAAAD"}
[2025-12-01T08:19:39.801Z] [KEY_FETCH] {"requester":"unknown","target":"muskan"}
[2025-12-01T08:19:39.967Z] [KEY_EXCHANGE_INIT] {"with":"muskan","role":"Initiator"}
[2025-12-01T08:19:40.309Z] [KEY_FETCH] {"requester":"unknown","target":"warda"}
[2025-12-01T08:19:40.345Z] [INVALID_SIGNATURE] {"senderSigningPublicKey":{"crv":"P-256","ext":true,"key_ops":["verify"],"kty":"EC","x":"2d6bXvB0ZTMaVAzq3oUbVS6d7ALYetSJR26uVpg8VWM","y":"jgDc0zIM_vIsfb1dQsBiXqixRGtrZ-meH1CvPY5HQpc"},"signature":[185,89,8,106,114,25,34,106,135,180,120,31,155,35,115,121,163,7,221,77,11,29,220,124,226,158,64,249,148,133,63,22,108,48,118,124,153,49,81,52,159,3,34,205,136,129,6,10,123,97,188,177,119,187,52,254,131,180,155,154,78,184,117,137]}
[2025-12-01T08:19:42.628Z] [SOCKET_REGISTER] {"username":"warda","socketId":"B-6PKl5NYQ4WHfsvAAAB"}
[2025-12-01T08:20:15.994Z] [KEY_EXCHANGE_FAIL] {"with":"warda","role":"Responder","error":"Invalid signature during key exchange","errorStack":"respondToKeyExchange@http://localhost:5173/src/utils/protocol.js:64:15\n"}
[2025-12-05T01:52:15.312Z] [AUTH_REGISTER_SUCCESS] {"username":"noor"}
[2025-12-05T01:52:21.248Z] [AUTH_LOGIN_SUCCESS] {"username":"noor"}
[2025-12-05T01:52:21.324Z] [SOCKET_REGISTER] {"username":"noor","socketId":"arMpCKNgpY2NZgOQAAAB"}
[2025-12-05T01:52:21.339Z] [SOCKET_REGISTER] {"username":"noor","socketId":"arMpCKNgpY2NZgOQAAAB"}
[2025-12-05T01:53:05.483Z] [AUTH_REGISTER_SUCCESS] {"username":"warda"}
[2025-12-05T01:53:18.699Z] [AUTH_LOGIN_SUCCESS] {"username":"warda"}
[2025-12-05T01:53:18.818Z] [SOCKET_REGISTER] {"username":"warda","socketId":"7-P59twnggbU2mgFAAAD"}
[2025-12-05T01:53:18.907Z] [SOCKET_REGISTER] {"username":"warda","socketId":"7-P59twnggbU2mgFAAAD"}
[2025-12-05T01:53:28.449Z] [KEY_FETCH] {"requester":"unknown","target":"noor"}
[2025-12-05T01:53:28.583Z] [KEY_EXCHANGE_INIT] {"with":"noor","role":"Initiator"}
[2025-12-05T01:53:28.684Z] [KEY_FETCH] {"requester":"unknown","target":"warda"}
[2025-12-05T01:53:28.758Z] [KEY_EXCHANGE_SUCCESS] {"with":"warda","role":"Responder"}
[2025-12-05T01:53:28.968Z] [SOCKET_REGISTER] {"username":"noor","socketId":"arMpCKNgpY2NZgOQAAAB"}
[2025-12-05T01:53:31.375Z] [SOCKET_REGISTER] {"username":"warda","socketId":"7-P59twnggbU2mgFAAAD"}
